
> client@1.1.0 build /Users/yeonnnnjs/leita/leita-client/apps/client
> tsc && vite build

vite v8.0.14 building client environment for production...
[2Ktransforming...✓ 659 modules transformed.
rendering chunks...
computing gzip size...
build/index.html                                           2.27 kB │ gzip:   0.88 kB
build/assets/KaTeX_Size3-Regular-CTq5MqoE.woff             4.42 kB
build/assets/KaTeX_Size4-Regular-Dl5lxZxV.woff2            4.92 kB
build/assets/KaTeX_Size2-Regular-Dy4dx90m.woff2            5.20 kB
build/assets/KaTeX_Size1-Regular-mCD8mA8B.woff2            5.46 kB
build/assets/KaTeX_Size4-Regular-BF-4gkZK.woff             5.98 kB
build/assets/KaTeX_Size2-Regular-oD1tc_U0.woff             6.18 kB
build/assets/KaTeX_Size1-Regular-C195tn64.woff             6.49 kB
build/assets/KaTeX_Caligraphic-Regular-Di6jR-x-.woff2      6.90 kB
build/assets/KaTeX_Caligraphic-Bold-Dq_IR9rO.woff2         6.91 kB
build/assets/KaTeX_Size3-Regular-DgpXs0kz.ttf              7.58 kB
build/assets/KaTeX_Caligraphic-Regular-CTRA-rTL.woff       7.65 kB
build/assets/KaTeX_Caligraphic-Bold-BEiXGLvX.woff          7.71 kB
build/assets/KaTeX_Script-Regular-D3wIWfF6.woff2           9.64 kB
build/assets/KaTeX_SansSerif-Regular-DDBCnlJ7.woff2       10.34 kB
build/assets/KaTeX_Size4-Regular-DWFBv043.ttf             10.36 kB
build/assets/KaTeX_Script-Regular-D5yQViql.woff           10.58 kB
build/assets/KaTeX_Fraktur-Regular-CTYiF6lA.woff2         11.31 kB
build/assets/KaTeX_Fraktur-Bold-CL6g_b3V.woff2            11.34 kB
build/assets/KaTeX_Size2-Regular-B7gKUWhC.ttf             11.50 kB
build/assets/KaTeX_SansSerif-Italic-C3H0VqGB.woff2        12.02 kB
build/assets/KaTeX_SansSerif-Bold-D1sUS0GD.woff2          12.21 kB
build/assets/KaTeX_Size1-Regular-Dbsnue_I.ttf             12.22 kB
build/assets/KaTeX_SansSerif-Regular-CS6fqUqJ.woff        12.31 kB
build/assets/KaTeX_Caligraphic-Regular-wX97UBjC.ttf       12.34 kB
build/assets/KaTeX_Caligraphic-Bold-ATXxdsX0.ttf          12.36 kB
build/assets/KaTeX_Fraktur-Regular-Dxdc4cR9.woff          13.20 kB
build/assets/KaTeX_Fraktur-Bold-BsDP51OF.woff             13.29 kB
build/assets/KaTeX_Typewriter-Regular-CO6r4hn1.woff2      13.56 kB
build/assets/KaTeX_SansSerif-Italic-DN2j7dab.woff         14.11 kB
build/assets/KaTeX_SansSerif-Bold-DbIhKOiC.woff           14.40 kB
build/assets/KaTeX_Typewriter-Regular-C0xS9mPB.woff       16.02 kB
build/assets/KaTeX_Math-BoldItalic-CZnvNsCZ.woff2         16.40 kB
build/assets/KaTeX_Math-Italic-t53AETM-.woff2             16.44 kB
build/assets/KaTeX_Script-Regular-C5JkGWo-.ttf            16.64 kB
build/assets/KaTeX_Main-BoldItalic-DxDJ3AOS.woff2         16.78 kB
build/assets/KaTeX_Main-Italic-NWA7e6Wa.woff2             16.98 kB
build/assets/KaTeX_Math-BoldItalic-iY-2wyZ7.woff          18.66 kB
build/assets/KaTeX_Math-Italic-DA0__PXp.woff              18.74 kB
build/assets/KaTeX_Main-BoldItalic-SpSLRI95.woff          19.41 kB
build/assets/KaTeX_SansSerif-Regular-BNo7hRIc.ttf         19.43 kB
build/assets/KaTeX_Fraktur-Regular-CB_wures.ttf           19.57 kB
build/assets/KaTeX_Fraktur-Bold-BdnERNNW.ttf              19.58 kB
build/assets/KaTeX_Main-Italic-BMLOBm91.woff              19.67 kB
build/assets/KaTeX_SansSerif-Italic-YYjJ1zSn.ttf          22.36 kB
build/assets/KaTeX_SansSerif-Bold-CFMepnvq.ttf            24.50 kB
build/assets/KaTeX_Main-Bold-Cx986IdX.woff2               25.32 kB
build/assets/KaTeX_Main-Regular-B22Nviop.woff2            26.27 kB
build/assets/KaTeX_Typewriter-Regular-D3Ib7_Hf.ttf        27.55 kB
build/assets/KaTeX_AMS-Regular-BQhdFMY1.woff2             28.07 kB
build/assets/KaTeX_Main-Bold-Jm3AIy58.woff                29.91 kB
build/assets/KaTeX_Main-Regular-Dr94JaBh.woff             30.77 kB
build/assets/KaTeX_Math-BoldItalic-B3XSjfu4.ttf           31.19 kB
build/assets/KaTeX_Math-Italic-flOr_0UB.ttf               31.30 kB
build/assets/KaTeX_Main-BoldItalic-DzxPMmG6.ttf           32.96 kB
build/assets/KaTeX_AMS-Regular-DMm9YOAa.woff              33.51 kB
build/assets/KaTeX_Main-Italic-3WenGoN9.ttf               33.58 kB
build/assets/KaTeX_Main-Bold-waoOVXN0.ttf                 51.33 kB
build/assets/KaTeX_Main-Regular-ypZvNtVU.ttf              53.58 kB
build/assets/KaTeX_AMS-Regular-DRggAlZN.ttf               63.63 kB
build/assets/JetBrainMono-Dh36KTnx.ttf                   273.90 kB
build/assets/tabs-D1rs4vF9.png                           786.50 kB
build/assets/Pretendard-Bh9nN6Cq.ttf                   6,739.33 kB
build/assets/index-DZKbGT2A.css                           94.30 kB │ gzip:  19.90 kB
build/assets/CreateProblem-yb7h7RBy.js                     0.57 kB │ gzip:   0.41 kB
build/assets/EditProblem-C4vP3vMa.js                       1.25 kB │ gzip:   0.79 kB
build/assets/Source-DY6cR_aE.js                            2.82 kB │ gzip:   1.23 kB
build/assets/NoticeDetail-Cnjd-Ces.js                      3.03 kB │ gzip:   1.33 kB
build/assets/Home-C-5RSPHb.js                              3.22 kB │ gzip:   1.47 kB
build/assets/NoticeList-BsHPOftD.js                        3.53 kB │ gzip:   1.35 kB
build/assets/Privacy-DdhAlCdo.js                           4.18 kB │ gzip:   1.45 kB
build/assets/QnaWrite-DnLsw3HR.js                          4.38 kB │ gzip:   1.81 kB
build/assets/QnaList-fiO5j5_1.js                           4.43 kB │ gzip:   1.71 kB
build/assets/Term-DidG7S2q.js                              4.70 kB │ gzip:   1.50 kB
build/assets/JudgeDetail-BuSaBafb.js                       5.03 kB │ gzip:   1.91 kB
build/assets/StudyDetail-B2CrRjbA.js                       5.34 kB │ gzip:   2.15 kB
build/assets/QnaDetail-DNmLW6A0.js                         5.41 kB │ gzip:   1.91 kB
build/assets/Problems-CP8mzXLf.js                          6.08 kB │ gzip:   2.23 kB
build/assets/Judge-fB2g0OJX.js                             6.47 kB │ gzip:   2.27 kB
build/assets/Study-DjxY1kug.js                             7.80 kB │ gzip:   2.92 kB
build/assets/ProblemDetail-Ci5iJDD1.js                     8.29 kB │ gzip:   2.43 kB
build/assets/StudySessionDetail-BwLN-er8.js               13.89 kB │ gzip:   4.06 kB
build/assets/MyPage-CRzrHI4i.js                           18.56 kB │ gzip:   5.19 kB
build/assets/index-C1mB1akL.js                         1,273.66 kB │ gzip: 398.06 kB

✓ built in 571ms
[plugin builtin:vite-reporter] 
(!) Some chunks are larger than 500 kB after minification. Consider:
- Using dynamic import() to code-split the application
- Use build.rolldownOptions.output.codeSplitting to improve chunking: https://rolldown.rs/reference/OutputOptions.codeSplitting
- Adjust chunk size limit for this warning via build.chunkSizeWarningLimit.
